[2024-04-10T00:38:29.493+0000] {taskinstance.py:1979} INFO - Dependencies all met for dep_context=non-requeueable deps ti=<TaskInstance: upload_congress_data.convert_bill_files manual__2024-04-10T00:36:19.141018+00:00 [queued]>
[2024-04-10T00:38:29.500+0000] {taskinstance.py:1979} INFO - Dependencies all met for dep_context=requeueable deps ti=<TaskInstance: upload_congress_data.convert_bill_files manual__2024-04-10T00:36:19.141018+00:00 [queued]>
[2024-04-10T00:38:29.501+0000] {taskinstance.py:2193} INFO - Starting attempt 1 of 1
[2024-04-10T00:38:29.515+0000] {taskinstance.py:2217} INFO - Executing <Task(PythonOperator): convert_bill_files> on 2024-04-10 00:36:19.141018+00:00
[2024-04-10T00:38:29.550+0000] {standard_task_runner.py:60} INFO - Started process 3336 to run task
[2024-04-10T00:38:29.553+0000] {standard_task_runner.py:87} INFO - Running: ['***', 'tasks', 'run', 'upload_congress_data', 'convert_bill_files', 'manual__2024-04-10T00:36:19.141018+00:00', '--job-id', '19', '--raw', '--subdir', 'DAGS_FOLDER/upload_congress_data.py', '--cfg-path', '/tmp/tmpnm9pq1z4']
[2024-04-10T00:38:29.557+0000] {standard_task_runner.py:88} INFO - Job 19: Subtask convert_bill_files
[2024-04-10T00:38:29.596+0000] {task_command.py:423} INFO - Running <TaskInstance: upload_congress_data.convert_bill_files manual__2024-04-10T00:36:19.141018+00:00 [running]> on host f811dc6f69ec
[2024-04-10T00:38:29.674+0000] {taskinstance.py:2513} INFO - Exporting env vars: AIRFLOW_CTX_DAG_OWNER='***' AIRFLOW_CTX_DAG_ID='upload_congress_data' AIRFLOW_CTX_TASK_ID='convert_bill_files' AIRFLOW_CTX_EXECUTION_DATE='2024-04-10T00:36:19.141018+00:00' AIRFLOW_CTX_TRY_NUMBER='1' AIRFLOW_CTX_DAG_RUN_ID='manual__2024-04-10T00:36:19.141018+00:00'
[2024-04-10T00:38:29.722+0000] {taskinstance.py:2731} ERROR - Task failed with exception
Traceback (most recent call last):
  File "/opt/airflow/dags/scripts/python/xmlConvert.py", line 27, in convert_folder_xml_to_newline_json
    json_data = enforce_schema(json_data=json_data['billStatus'])
                ^^^^^^^^^^^^^^
NameError: name 'enforce_schema' is not defined

During handling of the above exception, another exception occurred:

Traceback (most recent call last):
  File "/home/airflow/.local/lib/python3.11/site-packages/airflow/models/taskinstance.py", line 444, in _execute_task
    result = _execute_callable(context=context, **execute_callable_kwargs)
             ^^^^^^^^^^^^^^^^^^^^^^^^^^^^^^^^^^^^^^^^^^^^^^^^^^^^^^^^^^^^^
  File "/home/airflow/.local/lib/python3.11/site-packages/airflow/models/taskinstance.py", line 414, in _execute_callable
    return execute_callable(context=context, **execute_callable_kwargs)
           ^^^^^^^^^^^^^^^^^^^^^^^^^^^^^^^^^^^^^^^^^^^^^^^^^^^^^^^^^^^^
  File "/home/airflow/.local/lib/python3.11/site-packages/airflow/operators/python.py", line 200, in execute
    return_value = self.execute_callable()
                   ^^^^^^^^^^^^^^^^^^^^^^^
  File "/home/airflow/.local/lib/python3.11/site-packages/airflow/operators/python.py", line 217, in execute_callable
    return self.python_callable(*self.op_args, **self.op_kwargs)
           ^^^^^^^^^^^^^^^^^^^^^^^^^^^^^^^^^^^^^^^^^^^^^^^^^^^^^
  File "/opt/airflow/dags/scripts/python/xmlConvert.py", line 41, in convert_folder_xml_to_newline_json
    raise Exception(f'failed to convert data for {xml_file}')
Exception: failed to convert data for /opt/***/dags/data/hjres/BILLSTATUS-118hjres39.xml
[2024-04-10T00:38:29.735+0000] {taskinstance.py:1149} INFO - Marking task as FAILED. dag_id=upload_congress_data, task_id=convert_bill_files, execution_date=20240410T003619, start_date=20240410T003829, end_date=20240410T003829
[2024-04-10T00:38:29.745+0000] {standard_task_runner.py:107} ERROR - Failed to execute job 19 for task convert_bill_files (failed to convert data for /opt/***/dags/data/hjres/BILLSTATUS-118hjres39.xml; 3336)
[2024-04-10T00:38:29.768+0000] {local_task_job_runner.py:234} INFO - Task exited with return code 1
[2024-04-10T00:38:29.799+0000] {taskinstance.py:3312} INFO - 0 downstream tasks scheduled from follow-on schedule check
